Archive member included to satisfy reference by file (symbol)

c:/ac6/systemworkbench/plugins/fr.ac6.mcu.externaltools.arm-none.win32_1.16.0.201807130628/tools/compiler/bin/../lib/gcc/arm-none-eabi/7.2.1/thumb/v7e-m/fpv4-sp/hard\libgcc.a(_arm_addsubdf3.o)
                              utilities/STM32f4-Discovery/stm32f4_discovery_lcd.o (__aeabi_ui2d)
c:/ac6/systemworkbench/plugins/fr.ac6.mcu.externaltools.arm-none.win32_1.16.0.201807130628/tools/compiler/bin/../lib/gcc/arm-none-eabi/7.2.1/thumb/v7e-m/fpv4-sp/hard\libgcc.a(_arm_cmpdf2.o)
                              utilities/STM32f4-Discovery/stm32f4_discovery_lcd.o (__aeabi_dcmplt)
c:/ac6/systemworkbench/plugins/fr.ac6.mcu.externaltools.arm-none.win32_1.16.0.201807130628/tools/compiler/bin/../lib/gcc/arm-none-eabi/7.2.1/../../../../arm-none-eabi/lib/thumb/v7e-m/fpv4-sp/hard\libc.a(lib_a-errno.o)
                              Example/SW4STM32/syscalls.o (__errno)
c:/ac6/systemworkbench/plugins/fr.ac6.mcu.externaltools.arm-none.win32_1.16.0.201807130628/tools/compiler/bin/../lib/gcc/arm-none-eabi/7.2.1/../../../../arm-none-eabi/lib/thumb/v7e-m/fpv4-sp/hard\libc.a(lib_a-exit.o)
                              c:/ac6/systemworkbench/plugins/fr.ac6.mcu.externaltools.arm-none.win32_1.16.0.201807130628/tools/compiler/bin/../lib/gcc/arm-none-eabi/7.2.1/../../../../arm-none-eabi/lib/thumb/v7e-m/fpv4-sp/hard/crt0.o (exit)
c:/ac6/systemworkbench/plugins/fr.ac6.mcu.externaltools.arm-none.win32_1.16.0.201807130628/tools/compiler/bin/../lib/gcc/arm-none-eabi/7.2.1/../../../../arm-none-eabi/lib/thumb/v7e-m/fpv4-sp/hard\libc.a(lib_a-impure.o)
                              c:/ac6/systemworkbench/plugins/fr.ac6.mcu.externaltools.arm-none.win32_1.16.0.201807130628/tools/compiler/bin/../lib/gcc/arm-none-eabi/7.2.1/../../../../arm-none-eabi/lib/thumb/v7e-m/fpv4-sp/hard\libc.a(lib_a-exit.o) (_global_impure_ptr)
c:/ac6/systemworkbench/plugins/fr.ac6.mcu.externaltools.arm-none.win32_1.16.0.201807130628/tools/compiler/bin/../lib/gcc/arm-none-eabi/7.2.1/../../../../arm-none-eabi/lib/thumb/v7e-m/fpv4-sp/hard\libc.a(lib_a-init.o)
                              c:/ac6/systemworkbench/plugins/fr.ac6.mcu.externaltools.arm-none.win32_1.16.0.201807130628/tools/compiler/bin/../lib/gcc/arm-none-eabi/7.2.1/../../../../arm-none-eabi/lib/thumb/v7e-m/fpv4-sp/hard/crt0.o (__libc_init_array)
c:/ac6/systemworkbench/plugins/fr.ac6.mcu.externaltools.arm-none.win32_1.16.0.201807130628/tools/compiler/bin/../lib/gcc/arm-none-eabi/7.2.1/../../../../arm-none-eabi/lib/thumb/v7e-m/fpv4-sp/hard\libc.a(lib_a-memset.o)
                              c:/ac6/systemworkbench/plugins/fr.ac6.mcu.externaltools.arm-none.win32_1.16.0.201807130628/tools/compiler/bin/../lib/gcc/arm-none-eabi/7.2.1/../../../../arm-none-eabi/lib/thumb/v7e-m/fpv4-sp/hard/crt0.o (memset)
c:/ac6/systemworkbench/plugins/fr.ac6.mcu.externaltools.arm-none.win32_1.16.0.201807130628/tools/compiler/bin/../lib/gcc/arm-none-eabi/7.2.1/../../../../arm-none-eabi/lib/thumb/v7e-m/fpv4-sp/hard\libc.a(lib_a-__call_atexit.o)
                              c:/ac6/systemworkbench/plugins/fr.ac6.mcu.externaltools.arm-none.win32_1.16.0.201807130628/tools/compiler/bin/../lib/gcc/arm-none-eabi/7.2.1/../../../../arm-none-eabi/lib/thumb/v7e-m/fpv4-sp/hard\libc.a(lib_a-exit.o) (__call_exitprocs)
c:/ac6/systemworkbench/plugins/fr.ac6.mcu.externaltools.arm-none.win32_1.16.0.201807130628/tools/compiler/bin/../lib/gcc/arm-none-eabi/7.2.1/../../../../arm-none-eabi/lib/thumb/v7e-m/fpv4-sp/hard\libc.a(lib_a-atexit.o)
                              c:/ac6/systemworkbench/plugins/fr.ac6.mcu.externaltools.arm-none.win32_1.16.0.201807130628/tools/compiler/bin/../lib/gcc/arm-none-eabi/7.2.1/../../../../arm-none-eabi/lib/thumb/v7e-m/fpv4-sp/hard\libc.a(lib_a-__call_atexit.o) (atexit)
c:/ac6/systemworkbench/plugins/fr.ac6.mcu.externaltools.arm-none.win32_1.16.0.201807130628/tools/compiler/bin/../lib/gcc/arm-none-eabi/7.2.1/../../../../arm-none-eabi/lib/thumb/v7e-m/fpv4-sp/hard\libc.a(lib_a-fini.o)
                              c:/ac6/systemworkbench/plugins/fr.ac6.mcu.externaltools.arm-none.win32_1.16.0.201807130628/tools/compiler/bin/../lib/gcc/arm-none-eabi/7.2.1/../../../../arm-none-eabi/lib/thumb/v7e-m/fpv4-sp/hard\libc.a(lib_a-__call_atexit.o) (__libc_fini_array)
c:/ac6/systemworkbench/plugins/fr.ac6.mcu.externaltools.arm-none.win32_1.16.0.201807130628/tools/compiler/bin/../lib/gcc/arm-none-eabi/7.2.1/../../../../arm-none-eabi/lib/thumb/v7e-m/fpv4-sp/hard\libc.a(lib_a-lock.o)
                              c:/ac6/systemworkbench/plugins/fr.ac6.mcu.externaltools.arm-none.win32_1.16.0.201807130628/tools/compiler/bin/../lib/gcc/arm-none-eabi/7.2.1/../../../../arm-none-eabi/lib/thumb/v7e-m/fpv4-sp/hard\libc.a(lib_a-__call_atexit.o) (__retarget_lock_acquire_recursive)
[...]
Memory Configuration

Name             Origin             Length             Attributes
RAM              0x20000000         0x00020000         xrw
CCMRAM           0x10000000         0x00010000         rw
FLASH            0x08000000         0x00100000         xr
*default*        0x00000000         0xffffffff

Linker script and memory map

LOAD c:/ac6/systemworkbench/plugins/fr.ac6.mcu.externaltools.arm-none.win32_1.16.0.201807130628/tools/compiler/bin/../lib/gcc/arm-none-eabi/7.2.1/thumb/v7e-m/fpv4-sp/hard/crti.o
LOAD c:/ac6/systemworkbench/plugins/fr.ac6.mcu.externaltools.arm-none.win32_1.16.0.201807130628/tools/compiler/bin/../lib/gcc/arm-none-eabi/7.2.1/thumb/v7e-m/fpv4-sp/hard/crtbegin.o
LOAD c:/ac6/systemworkbench/plugins/fr.ac6.mcu.externaltools.arm-none.win32_1.16.0.201807130628/tools/compiler/bin/../lib/gcc/arm-none-eabi/7.2.1/../../../../arm-none-eabi/lib/thumb/v7e-m/fpv4-sp/hard/crt0.o
LOAD Example/SW4STM32/startup_stm32f407xx.o
LOAD Example/SW4STM32/syscalls.o
LOAD Example/User/main.o
LOAD Example/User/stm32f4xx_it.o
LOAD Example/User/system_stm32f4xx.o
LOAD middleware/FatFs/diskio.o
LOAD middleware/FatFs/ff.o
LOAD middleware/nesLib/palette.o
LOAD middleware/nesLib/ppu.o
LOAD utilities/STM32f4-Discovery/stm32f4_discovery.o
LOAD utilities/STM32f4-Discovery/stm32f4_discovery_lcd.o
LOAD utilities/STM32f4-Discovery/stm32f4_discovery_sdio_sd.o
LOAD utilities/stm32f4-lib/misc.o
LOAD utilities/stm32f4-lib/stm32f4xx_dma.o
LOAD utilities/stm32f4-lib/stm32f4xx_exti.o
LOAD utilities/stm32f4-lib/stm32f4xx_fsmc.o
LOAD utilities/stm32f4-lib/stm32f4xx_gpio.o
LOAD utilities/stm32f4-lib/stm32f4xx_i2c.o
LOAD utilities/stm32f4-lib/stm32f4xx_rcc.o
LOAD utilities/stm32f4-lib/stm32f4xx_sdio.o
LOAD utilities/stm32f4-lib/stm32f4xx_syscfg.o
LOAD utilities/stm32f4-lib/stm32f4xx_usart.o
LOAD c:/ac6/systemworkbench/plugins/fr.ac6.mcu.externaltools.arm-none.win32_1.16.0.201807130628/tools/compiler/bin/../lib/gcc/arm-none-eabi/7.2.1/../../../../arm-none-eabi/lib/thumb/v7e-m/fpv4-sp/hard\libm.a
START GROUP
LOAD c:/ac6/systemworkbench/plugins/fr.ac6.mcu.externaltools.arm-none.win32_1.16.0.201807130628/tools/compiler/bin/../lib/gcc/arm-none-eabi/7.2.1/thumb/v7e-m/fpv4-sp/hard\libgcc.a
LOAD c:/ac6/systemworkbench/plugins/fr.ac6.mcu.externaltools.arm-none.win32_1.16.0.201807130628/tools/compiler/bin/../lib/gcc/arm-none-eabi/7.2.1/../../../../arm-none-eabi/lib/thumb/v7e-m/fpv4-sp/hard\libc.a
END GROUP
LOAD c:/ac6/systemworkbench/plugins/fr.ac6.mcu.externaltools.arm-none.win32_1.16.0.201807130628/tools/compiler/bin/../lib/gcc/arm-none-eabi/7.2.1/thumb/v7e-m/fpv4-sp/hard/crtend.o
LOAD c:/ac6/systemworkbench/plugins/fr.ac6.mcu.externaltools.arm-none.win32_1.16.0.201807130628/tools/compiler/bin/../lib/gcc/arm-none-eabi/7.2.1/thumb/v7e-m/fpv4-sp/hard/crtn.o
                0x20020000                _estack = 0x20020000
                0x00000200                _Min_Heap_Size = 0x200
                0x00000400                _Min_Stack_Size = 0x400

.isr_vector     0x08000000      0x188
                0x08000000                . = ALIGN (0x4)
 *(.isr_vector)
 .isr_vector    0x08000000      0x188 Example/SW4STM32/startup_stm32f407xx.o
                0x08000000                g_pfnVectors
                0x08000188                . = ALIGN (0x4)

.text           0x08000188      0xafc
                0x08000188                . = ALIGN (0x4)
 *(.text)
 .text          0x08000188       0x40 c:/ac6/systemworkbench/plugins/fr.ac6.mcu.externaltools.arm-none.win32_1.16.0.201807130628/tools/compiler/bin/../lib/gcc/arm-none-eabi/7.2.1/thumb/v7e-m/fpv4-sp/hard/crtbegin.o
 *(.text*)
 .text.Reset_Handler
                0x080001c8       0x50 Example/SW4STM32/startup_stm32f407xx.o
                0x080001c8                Reset_Handler
 .text.Default_Handler
                0x08000218        0x2 Example/SW4STM32/startup_stm32f407xx.o
                0x08000218                RTC_Alarm_IRQHandler
                0x08000218                HASH_RNG_IRQHandler
                0x08000218                EXTI2_IRQHandler
                0x08000218                TIM8_CC_IRQHandler
                0x08000218                TIM1_CC_IRQHandler
                0x08000218                DMA2_Stream5_IRQHandler
                0x08000218                DMA1_Stream5_IRQHandler
                0x08000218                PVD_IRQHandler
                0x08000218                TAMP_STAMP_IRQHandler
                0x08000218                CAN2_RX1_IRQHandler
                0x08000218                EXTI3_IRQHandler
                0x08000218                TIM8_TRG_COM_TIM14_IRQHandler
                0x08000218                TIM1_UP_TIM10_IRQHandler
                0x08000218                TIM8_UP_TIM13_IRQHandler
                0x08000218                I2C3_ER_IRQHandler
                0x08000218                EXTI0_IRQHandler
                0x08000218                I2C2_EV_IRQHandler
                0x08000218                DMA1_Stream2_IRQHandler
                0x08000218                CAN1_RX0_IRQHandler
                0x08000218                FPU_IRQHandler
                0x08000218                OTG_HS_WKUP_IRQHandler
                0x08000218                CAN2_SCE_IRQHandler
                0x08000218                DMA2_Stream2_IRQHandler
                0x08000218                SPI1_IRQHandler
                0x08000218                TIM6_DAC_IRQHandler
                0x08000218                TIM1_BRK_TIM9_IRQHandler
                0x08000218                DCMI_IRQHandler
                0x08000218                CAN2_RX0_IRQHandler
                0x08000218                DMA2_Stream3_IRQHandler
                0x08000218                USART6_IRQHandler
                0x08000218                USART3_IRQHandler
                0x08000218                CAN1_RX1_IRQHandler
                0x08000218                UART5_IRQHandler
                0x08000218                DMA2_Stream0_IRQHandler
                0x08000218                TIM4_IRQHandler
                0x08000218                I2C1_EV_IRQHandler
                0x08000218                DMA1_Stream6_IRQHandler
                0x08000218                DMA1_Stream1_IRQHandler
                0x08000218                UART4_IRQHandler
                0x08000218                TIM3_IRQHandler
                0x08000218                RCC_IRQHandler
                0x08000218                TIM8_BRK_TIM12_IRQHandler
                0x08000218                Default_Handler
                0x08000218                EXTI15_10_IRQHandler
                0x08000218                ADC_IRQHandler
                0x08000218                DMA1_Stream7_IRQHandler
                0x08000218                TIM7_IRQHandler
                0x08000218                CAN2_TX_IRQHandler
                0x08000218                TIM5_IRQHandler
                0x08000218                DMA2_Stream7_IRQHandler
                0x08000218                I2C3_EV_IRQHandler
                0x08000218                EXTI9_5_IRQHandler
                0x08000218                RTC_WKUP_IRQHandler
                0x08000218                ETH_WKUP_IRQHandler
                0x08000218                SPI2_IRQHandler
                0x08000218                OTG_HS_EP1_IN_IRQHandler
                0x08000218                DMA1_Stream0_IRQHandler
                0x08000218                CAN1_TX_IRQHandler
                0x08000218                EXTI4_IRQHandler
                0x08000218                FSMC_IRQHandler
                0x08000218                ETH_IRQHandler
                0x08000218                OTG_HS_EP1_OUT_IRQHandler
                0x08000218                WWDG_IRQHandler
                0x08000218                TIM2_IRQHandler
                0x08000218                OTG_FS_WKUP_IRQHandler
                0x08000218                TIM1_TRG_COM_TIM11_IRQHandler
                0x08000218                OTG_HS_IRQHandler
                0x08000218                EXTI1_IRQHandler
                0x08000218                USART2_IRQHandler
                0x08000218                I2C2_ER_IRQHandler
                0x08000218                DMA2_Stream1_IRQHandler
                0x08000218                CAN1_SCE_IRQHandler
                0x08000218                FLASH_IRQHandler
                0x08000218                DMA2_Stream4_IRQHandler
                0x08000218                USART1_IRQHandler
                0x08000218                OTG_FS_IRQHandler
                0x08000218                SPI3_IRQHandler
                0x08000218                DMA1_Stream4_IRQHandler
                0x08000218                I2C1_ER_IRQHandler
                0x08000218                DMA2_Stream6_IRQHandler
                0x08000218                DMA1_Stream3_IRQHandler
 *fill*         0x0800021a        0x2 
 .text.startup.main
                0x0800021c       0x5c Example/User/main.o
                0x0800021c                main
 .text.NMI_Handler
                0x08000278        0x2 Example/User/stm32f4xx_it.o
                0x08000278                NMI_Handler
 .text.HardFault_Handler
                0x0800027a        0x2 Example/User/stm32f4xx_it.o
                0x0800027a                HardFault_Handler
 .text.MemManage_Handler
                0x0800027c        0x2 Example/User/stm32f4xx_it.o
                0x0800027c                MemManage_Handler
 .text.BusFault_Handler
                0x0800027e        0x2 Example/User/stm32f4xx_it.o
                0x0800027e                BusFault_Handler
 .text.UsageFault_Handler
                0x08000280        0x2 Example/User/stm32f4xx_it.o
                0x08000280                UsageFault_Handler
 .text.SVC_Handler
                0x08000282        0x2 Example/User/stm32f4xx_it.o
                0x08000282                SVC_Handler
 .text.DebugMon_Handler
                0x08000284        0x2 Example/User/stm32f4xx_it.o
                0x08000284                DebugMon_Handler
 .text.PendSV_Handler
                0x08000286        0x2 Example/User/stm32f4xx_it.o
                0x08000286                PendSV_Handler
 .text.SysTick_Handler
                0x08000288        0x2 Example/User/stm32f4xx_it.o
                0x08000288                SysTick_Handler
 .text.SDIO_IRQHandler
                0x0800028a        0x4 Example/User/stm32f4xx_it.o
                0x0800028a                SDIO_IRQHandler
 *fill*         0x0800028e        0x2 
 .text.SystemInit
                0x08000290       0xf4 Example/User/system_stm32f4xx.o
                0x08000290                SystemInit
 .text.delay    0x08000384       0x20 utilities/STM32f4-Discovery/stm32f4_discovery_lcd.o
 .text.LCD_CtrlLinesConfig
                0x080003a4      0x16c utilities/STM32f4-Discovery/stm32f4_discovery_lcd.o
                0x080003a4                LCD_CtrlLinesConfig
 .text.LCD_FSMCConfig
                0x08000510       0x5a utilities/STM32f4-Discovery/stm32f4_discovery_lcd.o
                0x08000510                LCD_FSMCConfig
 *fill*         0x0800056a        0x2 
 .text.STM32f4_Discovery_LCD_Init
                0x0800056c      0x150 utilities/STM32f4-Discovery/stm32f4_discovery_lcd.o
                0x0800056c                STM32f4_Discovery_LCD_Init
 .text.LCD_SetCursor
                0x080006bc       0x18 utilities/STM32f4-Discovery/stm32f4_discovery_lcd.o
                0x080006bc                LCD_SetCursor
 .text.LCD_DrawLine
                0x080006d4       0x6c utilities/STM32f4-Discovery/stm32f4_discovery_lcd.o
                0x080006d4                LCD_DrawLine
 .text.PutPixel
                0x08000740       0x18 utilities/STM32f4-Discovery/stm32f4_discovery_lcd.o
 .text.LCD_DrawUniLine
                0x08000758       0xac utilities/STM32f4-Discovery/stm32f4_discovery_lcd.o
                0x08000758                LCD_DrawUniLine
 .text.LCD_DrawFilledRect
                0x08000804       0x74 utilities/STM32f4-Discovery/stm32f4_discovery_lcd.o
                0x08000804                LCD_DrawFilledRect
 .text.SD_ProcessIRQSrc
                0x08000878       0x98 utilities/STM32f4-Discovery/stm32f4_discovery_sdio_sd.o
                0x08000878                SD_ProcessIRQSrc
 .text.FSMC_NORSRAMInit
                0x08000910       0xa4 utilities/stm32f4-lib/stm32f4xx_fsmc.o
                0x08000910                FSMC_NORSRAMInit
 .text.FSMC_NORSRAMCmd
                0x080009b4       0x20 utilities/stm32f4-lib/stm32f4xx_fsmc.o
                0x080009b4                FSMC_NORSRAMCmd
 .text.GPIO_Init
                0x080009d4       0x9c utilities/stm32f4-lib/stm32f4xx_gpio.o
                0x080009d4                GPIO_Init
 .text.GPIO_SetBits
                0x08000a70        0x4 utilities/stm32f4-lib/stm32f4xx_gpio.o
                0x08000a70                GPIO_SetBits
 .text.GPIO_ResetBits
                0x08000a74        0x4 utilities/stm32f4-lib/stm32f4xx_gpio.o
                0x08000a74                GPIO_ResetBits
 .text.GPIO_PinAFConfig
                0x08000a78       0x24 utilities/stm32f4-lib/stm32f4xx_gpio.o
                0x08000a78                GPIO_PinAFConfig
 .text.RCC_AHB1PeriphClockCmd
                0x08000a9c       0x18 utilities/stm32f4-lib/stm32f4xx_rcc.o
                0x08000a9c                RCC_AHB1PeriphClockCmd
 .text.RCC_AHB3PeriphClockCmd
                0x08000ab4       0x18 utilities/stm32f4-lib/stm32f4xx_rcc.o
                0x08000ab4                RCC_AHB3PeriphClockCmd
 .text.SDIO_ITConfig
                0x08000acc       0x18 utilities/stm32f4-lib/stm32f4xx_sdio.o
                0x08000acc                SDIO_ITConfig
 .text.SDIO_GetFlagStatus
                0x08000ae4       0x14 utilities/stm32f4-lib/stm32f4xx_sdio.o
                0x08000ae4                SDIO_GetFlagStatus
 .text.SDIO_GetITStatus
                0x08000af8        0x4 utilities/stm32f4-lib/stm32f4xx_sdio.o
                0x08000af8                SDIO_GetITStatus
 .text.SDIO_ClearITPendingBit
                0x08000afc        0xc utilities/stm32f4-lib/stm32f4xx_sdio.o
                0x08000afc                SDIO_ClearITPendingBit
 .text.__libc_init_array
                0x08000b08       0x48 c:/ac6/systemworkbench/plugins/fr.ac6.mcu.externaltools.arm-none.win32_1.16.0.201807130628/tools/compiler/bin/../lib/gcc/arm-none-eabi/7.2.1/../../../../arm-none-eabi/lib/thumb/v7e-m/fpv4-sp/hard\libc.a(lib_a-init.o)
                0x08000b08                __libc_init_array
 .text.startup.register_fini
                0x08000b50       0x14 c:/ac6/systemworkbench/plugins/fr.ac6.mcu.externaltools.arm-none.win32_1.16.0.201807130628/tools/compiler/bin/../lib/gcc/arm-none-eabi/7.2.1/../../../../arm-none-eabi/lib/thumb/v7e-m/fpv4-sp/hard\libc.a(lib_a-__call_atexit.o)
 .text.atexit   0x08000b64        0xc c:/ac6/systemworkbench/plugins/fr.ac6.mcu.externaltools.arm-none.win32_1.16.0.201807130628/tools/compiler/bin/../lib/gcc/arm-none-eabi/7.2.1/../../../../arm-none-eabi/lib/thumb/v7e-m/fpv4-sp/hard\libc.a(lib_a-atexit.o)
                0x08000b64                atexit
 .text.__libc_fini_array
                0x08000b70       0x34 c:/ac6/systemworkbench/plugins/fr.ac6.mcu.externaltools.arm-none.win32_1.16.0.201807130628/tools/compiler/bin/../lib/gcc/arm-none-eabi/7.2.1/../../../../arm-none-eabi/lib/thumb/v7e-m/fpv4-sp/hard\libc.a(lib_a-fini.o)
                0x08000b70                __libc_fini_array
 .text.__retarget_lock_acquire_recursive
                0x08000ba4        0x4 c:/ac6/systemworkbench/plugins/fr.ac6.mcu.externaltools.arm-none.win32_1.16.0.201807130628/tools/compiler/bin/../lib/gcc/arm-none-eabi/7.2.1/../../../../arm-none-eabi/lib/thumb/v7e-m/fpv4-sp/hard\libc.a(lib_a-lock.o)
                0x08000ba4                __retarget_lock_acquire_recursive
 .text.__retarget_lock_release_recursive
                0x08000ba8        0x4 c:/ac6/systemworkbench/plugins/fr.ac6.mcu.externaltools.arm-none.win32_1.16.0.201807130628/tools/compiler/bin/../lib/gcc/arm-none-eabi/7.2.1/../../../../arm-none-eabi/lib/thumb/v7e-m/fpv4-sp/hard\libc.a(lib_a-lock.o)
                0x08000ba8                __retarget_lock_release_recursive
 .text.__register_exitproc
                0x08000bac       0xc0 c:/ac6/systemworkbench/plugins/fr.ac6.mcu.externaltools.arm-none.win32_1.16.0.201807130628/tools/compiler/bin/../lib/gcc/arm-none-eabi/7.2.1/../../../../arm-none-eabi/lib/thumb/v7e-m/fpv4-sp/hard\libc.a(lib_a-__atexit.o)
                0x08000bac                __register_exitproc
 *(.glue_7)
 .glue_7        0x08000c6c        0x0 linker stubs
 *(.glue_7t)
 .glue_7t       0x08000c6c        0x0 linker stubs
 *(.eh_frame)
 .eh_frame      0x08000c6c        0x0 c:/ac6/systemworkbench/plugins/fr.ac6.mcu.externaltools.arm-none.win32_1.16.0.201807130628/tools/compiler/bin/../lib/gcc/arm-none-eabi/7.2.1/thumb/v7e-m/fpv4-sp/hard/crtbegin.o
 *(.init)
 .init          0x08000c6c        0x4 c:/ac6/systemworkbench/plugins/fr.ac6.mcu.externaltools.arm-none.win32_1.16.0.201807130628/tools/compiler/bin/../lib/gcc/arm-none-eabi/7.2.1/thumb/v7e-m/fpv4-sp/hard/crti.o
                0x08000c6c                _init
 .init          0x08000c70        0x8 c:/ac6/systemworkbench/plugins/fr.ac6.mcu.externaltools.arm-none.win32_1.16.0.201807130628/tools/compiler/bin/../lib/gcc/arm-none-eabi/7.2.1/thumb/v7e-m/fpv4-sp/hard/crtn.o
 *(.fini)
 .fini          0x08000c78        0x4 c:/ac6/systemworkbench/plugins/fr.ac6.mcu.externaltools.arm-none.win32_1.16.0.201807130628/tools/compiler/bin/../lib/gcc/arm-none-eabi/7.2.1/thumb/v7e-m/fpv4-sp/hard/crti.o
                0x08000c78                _fini
 .fini          0x08000c7c        0x8 c:/ac6/systemworkbench/plugins/fr.ac6.mcu.externaltools.arm-none.win32_1.16.0.201807130628/tools/compiler/bin/../lib/gcc/arm-none-eabi/7.2.1/thumb/v7e-m/fpv4-sp/hard/crtn.o
                0x08000c84                . = ALIGN (0x4)
                0x08000c84                _etext = .

.vfp11_veneer   0x08000c84        0x0
 .vfp11_veneer  0x08000c84        0x0 linker stubs

.v4_bx          0x08000c84        0x0
 .v4_bx         0x08000c84        0x0 linker stubs

.iplt           0x08000c84        0x0
 .iplt          0x08000c84        0x0 c:/ac6/systemworkbench/plugins/fr.ac6.mcu.externaltools.arm-none.win32_1.16.0.201807130628/tools/compiler/bin/../lib/gcc/arm-none-eabi/7.2.1/thumb/v7e-m/fpv4-sp/hard/crtbegin.o

.rodata         0x08000c84     0x2a94
                0x08000c84                . = ALIGN (0x4)
 *(.rodata)
 .rodata        0x08000c84       0xc0 middleware/nesLib/palette.o
                0x08000c84                nesRgb
 .rodata        0x08000d44     0x29d0 utilities/STM32f4-Discovery/stm32f4_discovery_lcd.o
                0x08000d44                ASCII8x8_Table
                0x08001344                ASCII8x12_Table
                0x08001c44                ASCII12x12_Table
                0x08002544                ASCII16x24_Table
 *(.rodata*)
 .rodata._global_impure_ptr
                0x08003714        0x4 c:/ac6/systemworkbench/plugins/fr.ac6.mcu.externaltools.arm-none.win32_1.16.0.201807130628/tools/compiler/bin/../lib/gcc/arm-none-eabi/7.2.1/../../../../arm-none-eabi/lib/thumb/v7e-m/fpv4-sp/hard\libc.a(lib_a-impure.o)
                0x08003714                _global_impure_ptr
                0x08003718                . = ALIGN (0x4)

.rel.dyn        0x08003718        0x0
 .rel.iplt      0x08003718        0x0 c:/ac6/systemworkbench/plugins/fr.ac6.mcu.externaltools.arm-none.win32_1.16.0.201807130628/tools/compiler/bin/../lib/gcc/arm-none-eabi/7.2.1/thumb/v7e-m/fpv4-sp/hard/crtbegin.o

.ARM.extab
 *(.ARM.extab* .gnu.linkonce.armextab.*)

.ARM            0x08003718        0x0
                0x08003718                __exidx_start = .
 *(.ARM.exidx*)
                0x08003718                __exidx_end = .

.preinit_array  0x08003718        0x0
                0x08003718                PROVIDE (__preinit_array_start, .)
 *(.preinit_array*)
                0x08003718                PROVIDE (__preinit_array_end, .)

.init_array     0x08003718        0x8
                0x08003718                PROVIDE (__init_array_start, .)
 *(SORT_BY_NAME(.init_array.*))
 .init_array.00000
                0x08003718        0x4 c:/ac6/systemworkbench/plugins/fr.ac6.mcu.externaltools.arm-none.win32_1.16.0.201807130628/tools/compiler/bin/../lib/gcc/arm-none-eabi/7.2.1/../../../../arm-none-eabi/lib/thumb/v7e-m/fpv4-sp/hard\libc.a(lib_a-__call_atexit.o)
 *(.init_array*)
 .init_array    0x0800371c        0x4 c:/ac6/systemworkbench/plugins/fr.ac6.mcu.externaltools.arm-none.win32_1.16.0.201807130628/tools/compiler/bin/../lib/gcc/arm-none-eabi/7.2.1/thumb/v7e-m/fpv4-sp/hard/crtbegin.o
                0x08003720                PROVIDE (__init_array_end, .)

.fini_array     0x08003720        0x4
                0x08003720                PROVIDE (__fini_array_start, .)
 *(SORT_BY_NAME(.fini_array.*))
 *(.fini_array*)
 .fini_array    0x08003720        0x4 c:/ac6/systemworkbench/plugins/fr.ac6.mcu.externaltools.arm-none.win32_1.16.0.201807130628/tools/compiler/bin/../lib/gcc/arm-none-eabi/7.2.1/thumb/v7e-m/fpv4-sp/hard/crtbegin.o
                0x08003724                PROVIDE (__fini_array_end, .)
                0x08003724                _sidata = LOADADDR (.data)

.data           0x20000000      0x484 load address 0x08003724
                0x20000000                . = ALIGN (0x4)
                0x20000000                _sdata = .
 *(.data)
 .data          0x20000000       0x58 utilities/STM32f4-Discovery/stm32f4_discovery_lcd.o
                0x20000000                Font16x24
                0x20000010                Font8x8
                0x2000001c                Font8x12
                0x20000028                Font12x12
                0x20000034                Font24x36
                0x20000040                Font32x48
                0x2000004c                Font48x72
 *(.data*)
 .data.impure_data
                0x20000058      0x428 c:/ac6/systemworkbench/plugins/fr.ac6.mcu.externaltools.arm-none.win32_1.16.0.201807130628/tools/compiler/bin/../lib/gcc/arm-none-eabi/7.2.1/../../../../arm-none-eabi/lib/thumb/v7e-m/fpv4-sp/hard\libc.a(lib_a-impure.o)
 .data.__atexit_recursive_mutex
                0x20000480        0x4 c:/ac6/systemworkbench/plugins/fr.ac6.mcu.externaltools.arm-none.win32_1.16.0.201807130628/tools/compiler/bin/../lib/gcc/arm-none-eabi/7.2.1/../../../../arm-none-eabi/lib/thumb/v7e-m/fpv4-sp/hard\libc.a(lib_a-__call_atexit.o)
                0x20000480                __atexit_recursive_mutex
                0x20000484                . = ALIGN (0x4)
                0x20000484                _edata = .
                0x08003ba8                _siccmram = LOADADDR (.ccmram)

.igot.plt       0x20000484        0x0 load address 0x08003ba8
 .igot.plt      0x20000484        0x0 c:/ac6/systemworkbench/plugins/fr.ac6.mcu.externaltools.arm-none.win32_1.16.0.201807130628/tools/compiler/bin/../lib/gcc/arm-none-eabi/7.2.1/thumb/v7e-m/fpv4-sp/hard/crtbegin.o

.ccmram         0x10000000        0x0 load address 0x08003ba8
                0x10000000                . = ALIGN (0x4)
                0x10000000                _sccmram = .
 *(.ccmram)
 *(.ccmram*)
                0x10000000                . = ALIGN (0x4)
                0x10000000                _eccmram = .
                0x10000000                . = ALIGN (0x4)

.bss            0x20000484       0x90
                0x20000484                _sbss = .
                0x20000484                __bss_start__ = _sbss
 *(.bss)
 .bss           0x20000484       0x1c c:/ac6/systemworkbench/plugins/fr.ac6.mcu.externaltools.arm-none.win32_1.16.0.201807130628/tools/compiler/bin/../lib/gcc/arm-none-eabi/7.2.1/thumb/v7e-m/fpv4-sp/hard/crtbegin.o
 .bss           0x200004a0        0x6 utilities/STM32f4-Discovery/stm32f4_discovery_lcd.o
 *fill*         0x200004a6        0x2 
 .bss           0x200004a8       0x48 utilities/STM32f4-Discovery/stm32f4_discovery_sdio_sd.o
                0x200004d0                TransferError
                0x200004d4                TransferEnd
                0x200004d8                StopCondition
                0x200004dc                DMAEndOfTransfer
 *(.bss*)
 *(COMMON)
 COMMON         0x200004f0       0x21 c:/ac6/systemworkbench/plugins/fr.ac6.mcu.externaltools.arm-none.win32_1.16.0.201807130628/tools/compiler/bin/../lib/gcc/arm-none-eabi/7.2.1/../../../../arm-none-eabi/lib/thumb/v7e-m/fpv4-sp/hard\libc.a(lib_a-lock.o)
                0x200004f0                __lock___atexit_recursive_mutex
                0x200004f4                __lock___arc4random_mutex
                0x200004f8                __lock___env_recursive_mutex
                0x200004fc                __lock___sinit_recursive_mutex
                0x20000500                __lock___malloc_recursive_mutex
                0x20000504                __lock___at_quick_exit_mutex
                0x20000508                __lock___dd_hash_mutex
                0x2000050c                __lock___tz_mutex
                0x20000510                __lock___sfp_recursive_mutex
                0x20000514                . = ALIGN (0x4)
 *fill*         0x20000511        0x3 
                0x20000514                _ebss = .
                0x20000514                __bss_end__ = _ebss

._user_heap_stack
                0x20000514      0x604
                0x20000518                . = ALIGN (0x8)
 *fill*         0x20000514        0x4 
                0x20000518                PROVIDE (end, .)
                [!provide]                PROVIDE (_end, .)
                0x20000718                . = (. + _Min_Heap_Size)
 *fill*         0x20000518      0x200 
                0x20000b18                . = (. + _Min_Stack_Size)
 *fill*         0x20000718      0x400 
                0x20000b18                . = ALIGN (0x8)

/DISCARD/
 libc.a(*)
 libm.a(*)
 libgcc.a(*)

.ARM.attributes
                0x00000000       0x30
 *(.ARM.attributes)
 .ARM.attributes
                0x00000000       0x22 c:/ac6/systemworkbench/plugins/fr.ac6.mcu.externaltools.arm-none.win32_1.16.0.201807130628/tools/compiler/bin/../lib/gcc/arm-none-eabi/7.2.1/thumb/v7e-m/fpv4-sp/hard/crti.o
 .ARM.attributes
                0x00000022       0x34 c:/ac6/systemworkbench/plugins/fr.ac6.mcu.externaltools.arm-none.win32_1.16.0.201807130628/tools/compiler/bin/../lib/gcc/arm-none-eabi/7.2.1/thumb/v7e-m/fpv4-sp/hard/crtbegin.o
 .ARM.attributes
                0x00000056       0x21 Example/SW4STM32/startup_stm32f407xx.o
 .ARM.attributes
                0x00000077       0x39 Example/User/main.o
 .ARM.attributes
                0x000000b0       0x39 Example/User/stm32f4xx_it.o
 .ARM.attributes
                0x000000e9       0x39 Example/User/system_stm32f4xx.o
 .ARM.attributes
                0x00000122       0x39 middleware/nesLib/palette.o
 .ARM.attributes
                0x0000015b       0x39 utilities/STM32f4-Discovery/stm32f4_discovery_lcd.o
 .ARM.attributes
                0x00000194       0x39 utilities/STM32f4-Discovery/stm32f4_discovery_sdio_sd.o
 .ARM.attributes
                0x000001cd       0x39 utilities/stm32f4-lib/stm32f4xx_fsmc.o
 .ARM.attributes
                0x00000206       0x39 utilities/stm32f4-lib/stm32f4xx_gpio.o
 .ARM.attributes
                0x0000023f       0x39 utilities/stm32f4-lib/stm32f4xx_rcc.o
 .ARM.attributes
                0x00000278       0x39 utilities/stm32f4-lib/stm32f4xx_sdio.o
 .ARM.attributes
                0x000002b1       0x34 c:/ac6/systemworkbench/plugins/fr.ac6.mcu.externaltools.arm-none.win32_1.16.0.201807130628/tools/compiler/bin/../lib/gcc/arm-none-eabi/7.2.1/../../../../arm-none-eabi/lib/thumb/v7e-m/fpv4-sp/hard\libc.a(lib_a-impure.o)
 .ARM.attributes
                0x000002e5       0x34 c:/ac6/systemworkbench/plugins/fr.ac6.mcu.externaltools.arm-none.win32_1.16.0.201807130628/tools/compiler/bin/../lib/gcc/arm-none-eabi/7.2.1/../../../../arm-none-eabi/lib/thumb/v7e-m/fpv4-sp/hard\libc.a(lib_a-init.o)
 .ARM.attributes
                0x00000319       0x34 c:/ac6/systemworkbench/plugins/fr.ac6.mcu.externaltools.arm-none.win32_1.16.0.201807130628/tools/compiler/bin/../lib/gcc/arm-none-eabi/7.2.1/../../../../arm-none-eabi/lib/thumb/v7e-m/fpv4-sp/hard\libc.a(lib_a-__call_atexit.o)
 .ARM.attributes
                0x0000034d       0x34 c:/ac6/systemworkbench/plugins/fr.ac6.mcu.externaltools.arm-none.win32_1.16.0.201807130628/tools/compiler/bin/../lib/gcc/arm-none-eabi/7.2.1/../../../../arm-none-eabi/lib/thumb/v7e-m/fpv4-sp/hard\libc.a(lib_a-atexit.o)
 .ARM.attributes
                0x00000381       0x34 c:/ac6/systemworkbench/plugins/fr.ac6.mcu.externaltools.arm-none.win32_1.16.0.201807130628/tools/compiler/bin/../lib/gcc/arm-none-eabi/7.2.1/../../../../arm-none-eabi/lib/thumb/v7e-m/fpv4-sp/hard\libc.a(lib_a-fini.o)
 .ARM.attributes
                0x000003b5       0x34 c:/ac6/systemworkbench/plugins/fr.ac6.mcu.externaltools.arm-none.win32_1.16.0.201807130628/tools/compiler/bin/../lib/gcc/arm-none-eabi/7.2.1/../../../../arm-none-eabi/lib/thumb/v7e-m/fpv4-sp/hard\libc.a(lib_a-lock.o)
 .ARM.attributes
                0x000003e9       0x34 c:/ac6/systemworkbench/plugins/fr.ac6.mcu.externaltools.arm-none.win32_1.16.0.201807130628/tools/compiler/bin/../lib/gcc/arm-none-eabi/7.2.1/../../../../arm-none-eabi/lib/thumb/v7e-m/fpv4-sp/hard\libc.a(lib_a-__atexit.o)
 .ARM.attributes
                0x0000041d       0x22 c:/ac6/systemworkbench/plugins/fr.ac6.mcu.externaltools.arm-none.win32_1.16.0.201807130628/tools/compiler/bin/../lib/gcc/arm-none-eabi/7.2.1/thumb/v7e-m/fpv4-sp/hard/crtn.o
OUTPUT(STM32F4-Discovery.elf elf32-littlearm)

.debug_line     0x00000000     0x61b5
 .debug_line    0x00000000       0xd8 Example/SW4STM32/startup_stm32f407xx.o
 .debug_line    0x000000d8      0x9ae Example/User/main.o
 .debug_line    0x00000a86      0x75e Example/User/stm32f4xx_it.o
 .debug_line    0x000011e4      0x74e Example/User/system_stm32f4xx.o
 .debug_line    0x00001932      0x419 middleware/nesLib/palette.o
 .debug_line    0x00001d4b     0x10b2 utilities/STM32f4-Discovery/stm32f4_discovery_lcd.o
 .debug_line    0x00002dfd      0xe8e utilities/STM32f4-Discovery/stm32f4_discovery_sdio_sd.o
 .debug_line    0x00003c8b      0x95d utilities/stm32f4-lib/stm32f4xx_fsmc.o
 .debug_line    0x000045e8      0x827 utilities/stm32f4-lib/stm32f4xx_gpio.o
 .debug_line    0x00004e0f      0xaa3 utilities/stm32f4-lib/stm32f4xx_rcc.o
 .debug_line    0x000058b2      0x903 utilities/stm32f4-lib/stm32f4xx_sdio.o

.debug_info     0x00000000     0x95a7
 .debug_info    0x00000000       0x22 Example/SW4STM32/startup_stm32f407xx.o
 .debug_info    0x00000022      0xacb Example/User/main.o
 .debug_info    0x00000aed      0x1a5 Example/User/stm32f4xx_it.o
 .debug_info    0x00000c92      0x5ef Example/User/system_stm32f4xx.o
 .debug_info    0x00001281      0x8d4 middleware/nesLib/palette.o
 .debug_info    0x00001b55     0x30ec utilities/STM32f4-Discovery/stm32f4_discovery_lcd.o
 .debug_info    0x00004c41     0x2462 utilities/STM32f4-Discovery/stm32f4_discovery_sdio_sd.o
 .debug_info    0x000070a3      0x910 utilities/stm32f4-lib/stm32f4xx_fsmc.o
 .debug_info    0x000079b3      0x719 utilities/stm32f4-lib/stm32f4xx_gpio.o
 .debug_info    0x000080cc      0xca7 utilities/stm32f4-lib/stm32f4xx_rcc.o
 .debug_info    0x00008d73      0x834 utilities/stm32f4-lib/stm32f4xx_sdio.o

.debug_abbrev   0x00000000     0x15e5
 .debug_abbrev  0x00000000       0x12 Example/SW4STM32/startup_stm32f407xx.o
 .debug_abbrev  0x00000012      0x248 Example/User/main.o
 .debug_abbrev  0x0000025a       0xfc Example/User/stm32f4xx_it.o
 .debug_abbrev  0x00000356      0x184 Example/User/system_stm32f4xx.o
 .debug_abbrev  0x000004da      0x1a0 middleware/nesLib/palette.o
 .debug_abbrev  0x0000067a      0x421 utilities/STM32f4-Discovery/stm32f4_discovery_lcd.o
 .debug_abbrev  0x00000a9b      0x333 utilities/STM32f4-Discovery/stm32f4_discovery_sdio_sd.o
 .debug_abbrev  0x00000dce      0x1c0 utilities/stm32f4-lib/stm32f4xx_fsmc.o
 .debug_abbrev  0x00000f8e      0x208 utilities/stm32f4-lib/stm32f4xx_gpio.o
 .debug_abbrev  0x00001196      0x223 utilities/stm32f4-lib/stm32f4xx_rcc.o
 .debug_abbrev  0x000013b9      0x22c utilities/stm32f4-lib/stm32f4xx_sdio.o

.debug_aranges  0x00000000      0x718
 .debug_aranges
                0x00000000       0x28 Example/SW4STM32/startup_stm32f407xx.o
 .debug_aranges
                0x00000028       0x20 Example/User/main.o
 .debug_aranges
                0x00000048       0x50 Example/User/stm32f4xx_it.o
 .debug_aranges
                0x00000098       0x28 Example/User/system_stm32f4xx.o
 .debug_aranges
                0x000000c0       0x18 middleware/nesLib/palette.o
 .debug_aranges
                0x000000d8      0x190 utilities/STM32f4-Discovery/stm32f4_discovery_lcd.o
 .debug_aranges
                0x00000268      0x108 utilities/STM32f4-Discovery/stm32f4_discovery_sdio_sd.o
 .debug_aranges
                0x00000370       0xb0 utilities/stm32f4-lib/stm32f4xx_fsmc.o
 .debug_aranges
                0x00000420       0x88 utilities/stm32f4-lib/stm32f4xx_gpio.o
 .debug_aranges
                0x000004a8      0x178 utilities/stm32f4-lib/stm32f4xx_rcc.o
 .debug_aranges
                0x00000620       0xf8 utilities/stm32f4-lib/stm32f4xx_sdio.o

.debug_str      0x00000000    0x603a4
 .debug_str     0x00000000      0x105 Example/SW4STM32/startup_stm32f407xx.o
 .debug_str     0x00000105    0x5c50a Example/User/main.o
                              0x5c809 (size before relaxing)
 .debug_str     0x0005c60f      0x159 Example/User/stm32f4xx_it.o
                              0x5679f (size before relaxing)
 .debug_str     0x0005c768      0x285 Example/User/system_stm32f4xx.o
                              0x5690f (size before relaxing)
 .debug_str     0x0005c9ed       0x5c middleware/nesLib/palette.o
                               0x759f (size before relaxing)
 .debug_str     0x0005ca49      0xb2a utilities/STM32f4-Discovery/stm32f4_discovery_lcd.o
                              0x57ff0 (size before relaxing)
 .debug_str     0x0005d573     0x1652 utilities/STM32f4-Discovery/stm32f4_discovery_sdio_sd.o
                              0x58a97 (size before relaxing)
 .debug_str     0x0005ebc5      0x51a utilities/stm32f4-lib/stm32f4xx_fsmc.o
                              0x56de0 (size before relaxing)
 .debug_str     0x0005f0df      0x172 utilities/stm32f4-lib/stm32f4xx_gpio.o
                              0x569db (size before relaxing)
 .debug_str     0x0005f251      0xa10 utilities/stm32f4-lib/stm32f4xx_rcc.o
                              0x57245 (size before relaxing)
 .debug_str     0x0005fc61      0x743 utilities/stm32f4-lib/stm32f4xx_sdio.o
                              0x570c9 (size before relaxing)

.debug_ranges   0x00000000      0xac8
 .debug_ranges  0x00000000       0x20 Example/SW4STM32/startup_stm32f407xx.o
 .debug_ranges  0x00000020       0x10 Example/User/main.o
 .debug_ranges  0x00000030       0x40 Example/User/stm32f4xx_it.o
 .debug_ranges  0x00000070       0x18 Example/User/system_stm32f4xx.o
 .debug_ranges  0x00000088      0x560 utilities/STM32f4-Discovery/stm32f4_discovery_lcd.o
 .debug_ranges  0x000005e8      0x178 utilities/STM32f4-Discovery/stm32f4_discovery_sdio_sd.o
 .debug_ranges  0x00000760       0xa0 utilities/stm32f4-lib/stm32f4xx_fsmc.o
 .debug_ranges  0x00000800       0x78 utilities/stm32f4-lib/stm32f4xx_gpio.o
 .debug_ranges  0x00000878      0x168 utilities/stm32f4-lib/stm32f4xx_rcc.o
 .debug_ranges  0x000009e0       0xe8 utilities/stm32f4-lib/stm32f4xx_sdio.o

.debug_loc      0x00000000     0x4999
 .debug_loc     0x00000000       0x8a Example/User/main.o
 .debug_loc     0x0000008a      0x10b Example/User/system_stm32f4xx.o
 .debug_loc     0x00000195     0x217f utilities/STM32f4-Discovery/stm32f4_discovery_lcd.o
 .debug_loc     0x00002314     0x1425 utilities/STM32f4-Discovery/stm32f4_discovery_sdio_sd.o
 .debug_loc     0x00003739      0x41c utilities/stm32f4-lib/stm32f4xx_fsmc.o
 .debug_loc     0x00003b55      0x30c utilities/stm32f4-lib/stm32f4xx_gpio.o
 .debug_loc     0x00003e61      0x9c7 utilities/stm32f4-lib/stm32f4xx_rcc.o
 .debug_loc     0x00004828      0x171 utilities/stm32f4-lib/stm32f4xx_sdio.o

.debug_macro    0x00000000     0xf4c0
 .debug_macro   0x00000000      0x38f Example/User/main.o
 .debug_macro   0x0000038f       0x16 Example/User/main.o
 .debug_macro   0x000003a5       0x97 Example/User/main.o
 .debug_macro   0x0000043c       0xfd Example/User/main.o
 .debug_macro   0x00000539       0x5d Example/User/main.o
 .debug_macro   0x00000596       0x35 Example/User/main.o
 .debug_macro   0x000005cb       0xef Example/User/main.o
 .debug_macro   0x000006ba      0x1df Example/User/main.o
 .debug_macro   0x00000899       0x18 Example/User/main.o
 .debug_macro   0x000008b1       0x42 Example/User/main.o
 .debug_macro   0x000008f3      0x8cb Example/User/main.o
 .debug_macro   0x000011be     0x8057 Example/User/main.o
 .debug_macro   0x00009215       0x16 Example/User/main.o
 .debug_macro   0x0000922b      0x44e Example/User/main.o
 .debug_macro   0x00009679      0x3cf Example/User/main.o
 .debug_macro   0x00009a48      0x111 Example/User/main.o
 .debug_macro   0x00009b59      0x182 Example/User/main.o
 .debug_macro   0x00009cdb       0xb2 Example/User/main.o
 .debug_macro   0x00009d8d      0x146 Example/User/main.o
 .debug_macro   0x00009ed3      0x477 Example/User/main.o
 .debug_macro   0x0000a34a       0xac Example/User/main.o
 .debug_macro   0x0000a3f6      0x241 Example/User/main.o
 .debug_macro   0x0000a637      0x279 Example/User/main.o
 .debug_macro   0x0000a8b0       0xb5 Example/User/main.o
 .debug_macro   0x0000a965      0x265 Example/User/main.o
 .debug_macro   0x0000abca      0x2b1 Example/User/main.o
 .debug_macro   0x0000ae7b       0x64 Example/User/main.o
 .debug_macro   0x0000aedf       0xa6 Example/User/main.o
 .debug_macro   0x0000af85      0x538 Example/User/main.o
 .debug_macro   0x0000b4bd       0x40 Example/User/main.o
 .debug_macro   0x0000b4fd      0x57a Example/User/main.o
 .debug_macro   0x0000ba77      0x341 Example/User/main.o
 .debug_macro   0x0000bdb8      0x36a Example/User/main.o
 .debug_macro   0x0000c122       0xdf Example/User/main.o
 .debug_macro   0x0000c201      0x73b Example/User/main.o
 .debug_macro   0x0000c93c      0x220 Example/User/main.o
 .debug_macro   0x0000cb5c       0x34 Example/User/main.o
 .debug_macro   0x0000cb90       0x7f Example/User/main.o
 .debug_macro   0x0000cc0f       0x35 Example/User/main.o
 .debug_macro   0x0000cc44       0x88 Example/User/main.o
 .debug_macro   0x0000cccc       0x10 Example/User/main.o
 .debug_macro   0x0000ccdc      0x2f2 Example/User/main.o
 .debug_macro   0x0000cfce      0x1ee Example/User/main.o
 .debug_macro   0x0000d1bc       0x91 Example/User/main.o
 .debug_macro   0x0000d24d      0x11b Example/User/main.o
 .debug_macro   0x0000d368       0x22 Example/User/main.o
 .debug_macro   0x0000d38a      0x1bf Example/User/stm32f4xx_it.o
 .debug_macro   0x0000d549       0x87 Example/User/stm32f4xx_it.o
 .debug_macro   0x0000d5d0       0x51 Example/User/stm32f4xx_it.o
 .debug_macro   0x0000d621      0x1d8 Example/User/system_stm32f4xx.o
 .debug_macro   0x0000d7f9      0x1a9 middleware/nesLib/palette.o
 .debug_macro   0x0000d9a2      0x222 utilities/STM32f4-Discovery/stm32f4_discovery_lcd.o
 .debug_macro   0x0000dbc4      0x31d utilities/STM32f4-Discovery/stm32f4_discovery_sdio_sd.o
 .debug_macro   0x0000dee1      0x1ef utilities/stm32f4-lib/stm32f4xx_fsmc.o
 .debug_macro   0x0000e0d0      0x273 utilities/stm32f4-lib/stm32f4xx_fsmc.o
 .debug_macro   0x0000e343      0x1bf utilities/stm32f4-lib/stm32f4xx_gpio.o
 .debug_macro   0x0000e502      0x25f utilities/stm32f4-lib/stm32f4xx_gpio.o
 .debug_macro   0x0000e761      0x267 utilities/stm32f4-lib/stm32f4xx_rcc.o
 .debug_macro   0x0000e9c8      0x532 utilities/stm32f4-lib/stm32f4xx_rcc.o
 .debug_macro   0x0000eefa      0x28b utilities/stm32f4-lib/stm32f4xx_sdio.o
 .debug_macro   0x0000f185      0x33b utilities/stm32f4-lib/stm32f4xx_sdio.o

.comment        0x00000000       0x7e
 .comment       0x00000000       0x7e Example/User/main.o
                                 0x7f (size before relaxing)
 .comment       0x0000007e       0x7f Example/User/stm32f4xx_it.o
 .comment       0x0000007e       0x7f Example/User/system_stm32f4xx.o
 .comment       0x0000007e       0x7f middleware/nesLib/palette.o
 .comment       0x0000007e       0x7f utilities/STM32f4-Discovery/stm32f4_discovery_lcd.o
 .comment       0x0000007e       0x7f utilities/STM32f4-Discovery/stm32f4_discovery_sdio_sd.o
 .comment       0x0000007e       0x7f utilities/stm32f4-lib/stm32f4xx_fsmc.o
 .comment       0x0000007e       0x7f utilities/stm32f4-lib/stm32f4xx_gpio.o
 .comment       0x0000007e       0x7f utilities/stm32f4-lib/stm32f4xx_rcc.o
 .comment       0x0000007e       0x7f utilities/stm32f4-lib/stm32f4xx_sdio.o

.debug_frame    0x00000000     0x1388
 .debug_frame   0x00000000       0x28 Example/User/main.o
 .debug_frame   0x00000028       0xc0 Example/User/stm32f4xx_it.o
 .debug_frame   0x000000e8       0x40 Example/User/system_stm32f4xx.o
 .debug_frame   0x00000128      0x57c utilities/STM32f4-Discovery/stm32f4_discovery_lcd.o
 .debug_frame   0x000006a4      0x394 utilities/STM32f4-Discovery/stm32f4_discovery_sdio_sd.o
 .debug_frame   0x00000a38      0x168 utilities/stm32f4-lib/stm32f4xx_fsmc.o
 .debug_frame   0x00000ba0      0x124 utilities/stm32f4-lib/stm32f4xx_gpio.o
 .debug_frame   0x00000cc4      0x2e8 utilities/stm32f4-lib/stm32f4xx_rcc.o
 .debug_frame   0x00000fac      0x21c utilities/stm32f4-lib/stm32f4xx_sdio.o
 .debug_frame   0x000011c8       0x2c c:/ac6/systemworkbench/plugins/fr.ac6.mcu.externaltools.arm-none.win32_1.16.0.201807130628/tools/compiler/bin/../lib/gcc/arm-none-eabi/7.2.1/../../../../arm-none-eabi/lib/thumb/v7e-m/fpv4-sp/hard\libc.a(lib_a-init.o)
 .debug_frame   0x000011f4       0x5c c:/ac6/systemworkbench/plugins/fr.ac6.mcu.externaltools.arm-none.win32_1.16.0.201807130628/tools/compiler/bin/../lib/gcc/arm-none-eabi/7.2.1/../../../../arm-none-eabi/lib/thumb/v7e-m/fpv4-sp/hard\libc.a(lib_a-__call_atexit.o)
 .debug_frame   0x00001250       0x20 c:/ac6/systemworkbench/plugins/fr.ac6.mcu.externaltools.arm-none.win32_1.16.0.201807130628/tools/compiler/bin/../lib/gcc/arm-none-eabi/7.2.1/../../../../arm-none-eabi/lib/thumb/v7e-m/fpv4-sp/hard\libc.a(lib_a-atexit.o)
 .debug_frame   0x00001270       0x34 c:/ac6/systemworkbench/plugins/fr.ac6.mcu.externaltools.arm-none.win32_1.16.0.201807130628/tools/compiler/bin/../lib/gcc/arm-none-eabi/7.2.1/../../../../arm-none-eabi/lib/thumb/v7e-m/fpv4-sp/hard\libc.a(lib_a-fini.o)
 .debug_frame   0x000012a4       0xb0 c:/ac6/systemworkbench/plugins/fr.ac6.mcu.externaltools.arm-none.win32_1.16.0.201807130628/tools/compiler/bin/../lib/gcc/arm-none-eabi/7.2.1/../../../../arm-none-eabi/lib/thumb/v7e-m/fpv4-sp/hard\libc.a(lib_a-lock.o)
 .debug_frame   0x00001354       0x34 c:/ac6/systemworkbench/plugins/fr.ac6.mcu.externaltools.arm-none.win32_1.16.0.201807130628/tools/compiler/bin/../lib/gcc/arm-none-eabi/7.2.1/../../../../arm-none-eabi/lib/thumb/v7e-m/fpv4-sp/hard\libc.a(lib_a-__atexit.o)
